AR trigger_recv_blk behavioral D:/cbradford/DoubleClockNew/GEL_CAPTAN/trigger_recv_blk.vhd sub00/vhpl61 1490380130
AR peakfinder behavioral D:/cbradford/DoubleClockNew/GEL_CAPTAN/PeakFinder.vhd sub00/vhpl69 1490380138
EN address_container NULL D:/cbradford/DoubleClockNew/oei/address_container.vhd sub00/vhpl02 1490380071
AR m2_1_mxilinx_top_level behavioral D:/cbradford/DoubleClockNew/GEL_CAPTAN/TOP_LEVEL.vhf sub00/vhpl85 1490380154
EN ethernet_controller NULL D:/cbradford/DoubleClockNew/oei/ethernet_controller.vhd sub00/vhpl40 1490380109
AR reset_mgr behavioral D:/cbradford/DoubleClockNew/oei/reset_mgr.vhd sub00/vhpl53 1490380122
EN filter_data_out NULL D:/cbradford/DoubleClockNew/oei/filter_data_out.vhd sub00/vhpl16 1490380085
PH params_package NULL D:/cbradford/DoubleClockNew/oei/params_package.vhd sub00/vhpl00 1490380069
EN ethernet_controller_wrapper NULL D:/cbradford/DoubleClockNew/oei/ethernet_controller_wrapper.vhd sub00/vhpl46 1490380115
AR addr_fifo addr_fifo_a D:/cbradford/DoubleClockNew/ipcore_dir/ADDR_FIFO.vhd sub00/vhpl31 1490380100
EN reset_mgr NULL D:/cbradford/DoubleClockNew/oei/reset_mgr.vhd sub00/vhpl52 1490380121
AR ram_comm_dec arch D:/cbradford/DoubleClockNew/oei/ram_comm_dec.vhd sub00/vhpl37 1490380106
EN ip_checksum_calc NULL D:/cbradford/DoubleClockNew/oei/ip_checksum_calc.vhd sub00/vhpl08 1490380077
EN fd8re_mxilinx_top_level NULL D:/cbradford/DoubleClockNew/GEL_CAPTAN/TOP_LEVEL.vhf sub00/vhpl80 1490380149
EN data_manager NULL D:/cbradford/DoubleClockNew/oei/data_manager.vhd sub00/vhpl48 1490380117
EN burst_controller_sm NULL D:/cbradford/DoubleClockNew/oei/burst_controller_sm.vhd sub00/vhpl32 1490380101
AR buffer_10bit behavioral D:/cbradford/DoubleClockNew/GEL_CAPTAN/buffer_10bit.vhd sub00/vhpl59 1490380128
EN dataout_mux NULL D:/cbradford/DoubleClockNew/oei/dataout_mux.vhd sub00/vhpl12 1490380081
AR burst_traffic_controller burst_traffic_controller_arch D:/cbradford/DoubleClockNew/oei/burst_traffic_controller.vhd sub00/vhpl51 1490380120
AR version_blk behavioral D:/cbradford/DoubleClockNew/GEL_CAPTAN/VERSION_BLK.vhd sub00/vhpl55 1490380124
EN data_fifo_0 NULL D:/cbradford/DoubleClockNew/ipcore_dir/DATA_FIFO_0.vhd sub00/vhpl26 1490380095
AR udp_data_splicer udp_data_splicer_arch D:/cbradford/DoubleClockNew/oei/udp_data_splicer.vhd sub00/vhpl23 1490380092
AR address_container arch D:/cbradford/DoubleClockNew/oei/address_container.vhd sub00/vhpl03 1490380072
AR top_level behavioral D:/cbradford/DoubleClockNew/GEL_CAPTAN/TOP_LEVEL.vhf sub00/vhpl89 1490380158
AR mux64_8 behavioral D:/cbradford/DoubleClockNew/GEL_CAPTAN/MUX64_8.vhd sub00/vhpl57 1490380126
EN or33 NULL D:/cbradford/DoubleClockNew/oei/or33.vhd sub00/vhpl06 1490380075
EN d4_16e_mxilinx_top_level NULL D:/cbradford/DoubleClockNew/GEL_CAPTAN/TOP_LEVEL.vhf sub00/vhpl86 1490380155
EN adc_fifo NULL D:/cbradford/DoubleClockNew/GEL_CAPTAN/ipcore_dir/ADC_FIFO.vhd sub00/vhpl78 1490380147
AR tx_seq_ctl arch D:/cbradford/DoubleClockNew/oei/tx_seq_ctl.vhd sub00/vhpl39 1490380108
AR ethernet_fifo ethernet_fifo_a D:/cbradford/DoubleClockNew/GEL_CAPTAN/ipcore_dir/ethernet_FIFO.vhd sub00/vhpl67 1490380136
AR icmp_ping_shift_reg arch D:/cbradford/DoubleClockNew/oei/icmp_ping_shift_reg.vhd sub00/vhpl21 1490380090
AR fd16re_mxilinx_top_level behavioral D:/cbradford/DoubleClockNew/GEL_CAPTAN/TOP_LEVEL.vhf sub00/vhpl83 1490380152
AR clocklatchsignals behavioral D:/cbradford/DoubleClockNew/GEL_CAPTAN/ClockLatchSignals.vhd sub00/vhpl77 1490380146
AR decipherer decipherer_arch D:/cbradford/DoubleClockNew/oei/decipherer.vhd sub00/vhpl15 1490380084
EN ram_comm_dec NULL D:/cbradford/DoubleClockNew/oei/ram_comm_dec.vhd sub00/vhpl36 1490380105
EN tx_seq_ctl NULL D:/cbradford/DoubleClockNew/oei/tx_seq_ctl.vhd sub00/vhpl38 1490380107
AR adc_fifo adc_fifo_a D:/cbradford/DoubleClockNew/GEL_CAPTAN/ipcore_dir/ADC_FIFO.vhd sub00/vhpl79 1490380148
AR ethernet_controller_wrapper arch D:/cbradford/DoubleClockNew/oei/ethernet_controller_wrapper.vhd sub00/vhpl47 1490380116
EN rx_ctl NULL D:/cbradford/DoubleClockNew/oei/rx_ctl.vhd sub00/vhpl34 1490380103
AR filter_data_out filter_data_out_arch D:/cbradford/DoubleClockNew/oei/filter_data_out.vhd sub00/vhpl17 1490380086
AR psudodata behavioral D:/cbradford/DoubleClockNew/GEL_CAPTAN/psudoData.vhd sub00/vhpl73 1490380142
MO crc_gen NULL ../oei/crc_gen.v vlg21/crc__gen.bin 1490380070
EN pulser NULL D:/cbradford/DoubleClockNew/GEL_CAPTAN/Pulser.vhd sub00/vhpl64 1490380133
AR info_fifo_0 info_fifo_0_a D:/cbradford/DoubleClockNew/ipcore_dir/INFO_FIFO_0.vhd sub00/vhpl29 1490380098
AR pulser behavioral D:/cbradford/DoubleClockNew/GEL_CAPTAN/Pulser.vhd sub00/vhpl65 1490380134
AR psudo_data_allone behavioral D:/cbradford/DoubleClockNew/GEL_CAPTAN/psudo_data_allOne.vhd sub00/vhpl75 1490380144
EN version_blk NULL D:/cbradford/DoubleClockNew/GEL_CAPTAN/VERSION_BLK.vhd sub00/vhpl54 1490380123
AR data_send behavioral D:/cbradford/DoubleClockNew/GEL_CAPTAN/data_send.vhd sub00/vhpl71 1490380140
AR rx_ctl arch D:/cbradford/DoubleClockNew/oei/rx_ctl.vhd sub00/vhpl35 1490380104
EN peakfinder NULL D:/cbradford/DoubleClockNew/GEL_CAPTAN/PeakFinder.vhd sub00/vhpl68 1490380137
AR data_fifo_0 data_fifo_0_a D:/cbradford/DoubleClockNew/ipcore_dir/DATA_FIFO_0.vhd sub00/vhpl27 1490380096
AR ip_checksum_calc arch D:/cbradford/DoubleClockNew/oei/ip_checksum_calc.vhd sub00/vhpl09 1490380078
EN create_packet NULL D:/cbradford/DoubleClockNew/oei/create_packet.vhd sub00/vhpl10 1490380079
AR burst_controller_sm burst_controller_sm_arch D:/cbradford/DoubleClockNew/oei/burst_controller_sm.vhd sub00/vhpl33 1490380102
AR crc_splice arch D:/cbradford/DoubleClockNew/oei/crc_splice.vhd sub00/vhpl45 1490380114
AR d4_16e_mxilinx_top_level behavioral D:/cbradford/DoubleClockNew/GEL_CAPTAN/TOP_LEVEL.vhf sub00/vhpl87 1490380156
AR fd8re_mxilinx_top_level behavioral D:/cbradford/DoubleClockNew/GEL_CAPTAN/TOP_LEVEL.vhf sub00/vhpl81 1490380150
EN icmp_ping_shift_reg NULL D:/cbradford/DoubleClockNew/oei/icmp_ping_shift_reg.vhd sub00/vhpl20 1490380089
EN ethernet_fifo NULL D:/cbradford/DoubleClockNew/GEL_CAPTAN/ipcore_dir/ethernet_FIFO.vhd sub00/vhpl66 1490380135
AR ethernet_controller arch D:/cbradford/DoubleClockNew/oei/ethernet_controller.vhd sub00/vhpl41 1490380110
EN data_send NULL D:/cbradford/DoubleClockNew/GEL_CAPTAN/data_send.vhd sub00/vhpl70 1490380139
EN psudo_data_allone NULL D:/cbradford/DoubleClockNew/GEL_CAPTAN/psudo_data_allOne.vhd sub00/vhpl74 1490380143
EN icmp_ping_checksum_calc NULL D:/cbradford/DoubleClockNew/oei/icmp_ping_checksum_calc.vhd sub00/vhpl18 1490380087
AR icmp_ping_checksum_calc icmp_ping_checksum_calc_arch D:/cbradford/DoubleClockNew/oei/icmp_ping_checksum_calc.vhd sub00/vhpl19 1490380088
AR user_addrs_mux user_addrs_mux_arch D:/cbradford/DoubleClockNew/oei/user_addrs_mux.vhd sub00/vhpl25 1490380094
EN m2_1_mxilinx_top_level NULL D:/cbradford/DoubleClockNew/GEL_CAPTAN/TOP_LEVEL.vhf sub00/vhpl84 1490380153
EN psudodata NULL D:/cbradford/DoubleClockNew/GEL_CAPTAN/psudoData.vhd sub00/vhpl72 1490380141
EN buffer_10bit NULL D:/cbradford/DoubleClockNew/GEL_CAPTAN/buffer_10bit.vhd sub00/vhpl58 1490380127
AR create_packet create_packet_arch D:/cbradford/DoubleClockNew/oei/create_packet.vhd sub00/vhpl11 1490380080
EN burst_traffic_controller NULL D:/cbradford/DoubleClockNew/oei/burst_traffic_controller.vhd sub00/vhpl50 1490380119
AR or33 or33_arch D:/cbradford/DoubleClockNew/oei/or33.vhd sub00/vhpl07 1490380076
AR arp_reply arp_reply_arch D:/cbradford/DoubleClockNew/oei/arp_reply.vhd sub00/vhpl05 1490380074
EN user_addrs_mux NULL D:/cbradford/DoubleClockNew/oei/user_addrs_mux.vhd sub00/vhpl24 1490380093
EN trigger_recv_blk NULL D:/cbradford/DoubleClockNew/GEL_CAPTAN/trigger_recv_blk.vhd sub00/vhpl60 1490380129
EN mii_100_1000_handler NULL D:/cbradford/DoubleClockNew/oei/xmii_handler.vhd sub00/vhpl42 1490380111
EN crc_splice NULL D:/cbradford/DoubleClockNew/oei/crc_splice.vhd sub00/vhpl44 1490380113
AR ethernet_interface behavioral D:/cbradford/DoubleClockNew/oei/ethernet_interface.vhd sub00/vhpl63 1490380132
EN ethernet_interface NULL D:/cbradford/DoubleClockNew/oei/ethernet_interface.vhd sub00/vhpl62 1490380131
EN fd16re_mxilinx_top_level NULL D:/cbradford/DoubleClockNew/GEL_CAPTAN/TOP_LEVEL.vhf sub00/vhpl82 1490380151
EN udp_data_splicer NULL D:/cbradford/DoubleClockNew/oei/udp_data_splicer.vhd sub00/vhpl22 1490380091
AR dataout_mux dataout_mux_arch D:/cbradford/DoubleClockNew/oei/dataout_mux.vhd sub00/vhpl13 1490380082
AR data_manager behavioral D:/cbradford/DoubleClockNew/oei/data_manager.vhd sub00/vhpl49 1490380118
EN info_fifo_0 NULL D:/cbradford/DoubleClockNew/ipcore_dir/INFO_FIFO_0.vhd sub00/vhpl28 1490380097
EN arp_reply NULL D:/cbradford/DoubleClockNew/oei/arp_reply.vhd sub00/vhpl04 1490380073
MO crc_chk NULL ../oei/crc_chk.v vlg49/crc__chk.bin 1490380070
AR mii_100_1000_handler arch D:/cbradford/DoubleClockNew/oei/xmii_handler.vhd sub00/vhpl43 1490380112
PB params_package params_package D:/cbradford/DoubleClockNew/oei/params_package.vhd sub00/vhpl01 1490380070
EN mux64_8 NULL D:/cbradford/DoubleClockNew/GEL_CAPTAN/MUX64_8.vhd sub00/vhpl56 1490380125
EN top_level NULL D:/cbradford/DoubleClockNew/GEL_CAPTAN/TOP_LEVEL.vhf sub00/vhpl88 1490380157
EN decipherer NULL D:/cbradford/DoubleClockNew/oei/decipherer.vhd sub00/vhpl14 1490380083
EN addr_fifo NULL D:/cbradford/DoubleClockNew/ipcore_dir/ADDR_FIFO.vhd sub00/vhpl30 1490380099
EN clocklatchsignals NULL D:/cbradford/DoubleClockNew/GEL_CAPTAN/ClockLatchSignals.vhd sub00/vhpl76 1490380145
